<html>
<body>
<pre>
<h1>µVision Build Log</h1>
<h2>Tool Versions:</h2>
IDE-Version: µVision V5.30.0.0
Copyright (C) 2020 ARM Ltd and ARM Germany GmbH. All rights reserved.
License Information: 1 11, 1, LIC=IK1VE-5ZMGX-HJJ6M-XGYET-LH2ED-W18KY
 
Tool Versions:
Toolchain:       MDK-ARM Plus  Version: 5.30.0.0
Toolchain Path:  D:\Work\Program\Keil\app\ARM\ARMCC\Bin
C Compiler:      Armcc.exe V5.06 update 6 (build 750)
Assembler:       Armasm.exe V5.06 update 6 (build 750)
Linker/Locator:  ArmLink.exe V5.06 update 6 (build 750)
Library Manager: ArmAr.exe V5.06 update 6 (build 750)
Hex Converter:   FromElf.exe V5.06 update 6 (build 750)
CPU DLL:         SARMCM3.DLL V5.30.0.0
Dialog DLL:      DCM.DLL V1.17.3.0
Target DLL:      STLink\ST-LINKIII-KEIL_SWO.dll V3.0.7.0
Dialog DLL:      TCM.DLL V1.42.0.0
 
<h2>Project:</h2>
D:\Work\NoProject\Work\Robot\Robot32F401\MDK-ARM\Robot32F401.uvprojx
Project File Date:  11/20/2024

<h2>Output:</h2>
*** Using Compiler 'V5.06 update 6 (build 750)', folder: 'D:\Work\Program\Keil\app\ARM\ARMCC\Bin'
Rebuild target 'Robot32F401'
assembling startup_stm32f401xe.s...
compiling stm32f4xx_hal_msp.c...
compiling stm32f4xx_it.c...
compiling main.c...
../Core/Inc/PWMEngineControl.h(24): warning:  #1-D: last line of file ends without a newline
  void test(uint8_t* strRxBuf);
../Core/Src/main.c(138): warning:  #223-D: function "memset" declared implicitly
  			memset(RxBUF,'\0',RX_BUF_LEN);
../Core/Src/main.c: 2 warnings, 0 errors
compiling PWMEngineControl.c...
../Core/Inc/PWMEngineControl.h(24): warning:  #1-D: last line of file ends without a newline
  void test(uint8_t* strRxBuf);
..\Core\Src\PWMEngineControl.c(209): warning:  #111-D: statement is unreachable
  			break;
..\Core\Src\PWMEngineControl.c: 2 warnings, 0 errors
compiling stm32f4xx_hal_rcc.c...
compiling stm32f4xx_hal_tim_ex.c...
compiling stm32f4xx_hal_tim.c...
compiling stm32f4xx_hal_rcc_ex.c...
compiling stm32f4xx_hal_flash_ramfunc.c...
compiling stm32f4xx_hal_gpio.c...
compiling stm32f4xx_hal_flash_ex.c...
compiling stm32f4xx_hal_flash.c...
compiling stm32f4xx_hal_dma.c...
compiling stm32f4xx_hal_dma_ex.c...
compiling system_stm32f4xx.c...
compiling stm32f4xx_hal_pwr_ex.c...
compiling stm32f4xx_hal_cortex.c...
compiling stm32f4xx_hal.c...
compiling stm32f4xx_hal_pwr.c...
compiling stm32f4xx_hal_exti.c...
compiling stm32f4xx_hal_uart.c...
linking...
Program Size: Code=7670 RO-data=462 RW-data=20 ZI-data=2060  
FromELF: creating hex file...
"Robot32F401\Robot32F401.axf" - 0 Error(s), 4 Warning(s).

<h2>Software Packages used:</h2>

Package Vendor: ARM
                http://www.keil.com/pack/ARM.CMSIS.5.7.0.pack
                ARM.CMSIS.5.7.0
                CMSIS (Cortex Microcontroller Software Interface Standard)
   * Component: CORE Version: 5.4.0

Package Vendor: Keil
                http://www.keil.com/pack/Keil.STM32F4xx_DFP.2.16.0.pack
                Keil.STM32F4xx_DFP.2.16.0
                STMicroelectronics STM32F4 Series Device Support, Drivers and Examples

<h2>Collection of Component include folders:</h2>
  .\RTE\_Robot32F401
  D:\Work\Program\Keil\pack\ARM\CMSIS\5.7.0\CMSIS\Core\Include
  D:\Work\Program\Keil\pack\Keil\STM32F4xx_DFP\2.16.0\Drivers\CMSIS\Device\ST\STM32F4xx\Include

<h2>Collection of Component Files used:</h2>

   * Component: ARM::CMSIS:CORE:5.4.0
      Include file:  CMSIS\Core\Include\tz_context.h
Build Time Elapsed:  00:00:04
</pre>
</body>
</html>
